--- 
ruby-fftw3: http://www.gfd-dennou.org/arch/ruby/products/ruby-fftw3/ruby-fftw3-0.2.tar.gz
narray: http://rubyforge.org/frs/download.php/7658/narray-0.5.9.tar.gz
libnc-dap: ftp://ftp.unidata.ucar.edu/pub/opendap/source/libnc-dap-3.6.2.tar.gz
netcdf: 
  - http://www.gfd-dennou.org/arch/netcdf/unidata-mirror/netcdf-3.6.1.tar.gz
  - http://www.gfd-dennou.org/arch/ruby/products/installer/patches/netcdf361_cygwin.patch.gz
gpv: http://www.gfd-dennou.org/arch/ruby/products/gpv/gpv-0.3.0.tar.gz
gave: http://www.gfd-dennou.org/arch/ruby/products/gave/gave-1.2.2.tar.gz
ruby-gnome2-all: http://jaist.dl.sourceforge.net/sourceforge/ruby-gnome2/ruby-gnome2-all-0.15.0.tar.gz
libdap: ftp://ftp.unidata.ucar.edu/pub/opendap/source/libdap-3.7.2.tar.gz
numru-units: http://www.gfd-dennou.org/arch/ruby/products/numru-units/numru-units-1.5.tar.gz
ruby-dcl: http://www.gfd-dennou.org/arch/ruby/products/ruby-dcl/ruby-dcl-1.5.2.tar.gz
multibitnums: http://www.gfd-dennou.org/arch/ruby/products/multibitnums/multibitnums-0.1.2.tar.gz
ruby-gnome-all: http://jaist.dl.sourceforge.net/sourceforge/ruby-gnome/ruby-gnome-all-0.34.tar.gz
met: http://www.gfd-dennou.org/arch/ruby/products/met/met-0.0.2.tar.gz
gphys: http://www.gfd-dennou.org/arch/ruby/products/gphys/gphys-0.5.3.tar.gz
dcl-C: 
  - http://www.gfd-dennou.org/arch/dcl/dcl-5.3.1-C.tar.gz
  - http://www.gfd-dennou.org/arch/ruby/products/installer/patches/dcl53c_cygwin.patch.gz
numru_installer: http://ruby.gfd-dennou.org/products/numru_installer/dist/numru-install-3.4.7.rb
fftw-2: http://ftp.fftw.org/fftw-2.1.5.tar.gz
numru-misc: http://www.gfd-dennou.org/arch/ruby/products/numru-misc/numru-misc-0.0.6.tar.gz
ruby-netcdf: http://www.gfd-dennou.org/arch/ruby/products/ruby-netcdf/ruby-netcdf-0.6.2.tar.gz
narray_miss: http://www.gfd-dennou.org/arch/ruby/products/narray_miss/narray_miss-1.1.2.tar.gz
fftw-3: http://ftp.fftw.org/fftw-3.1.2.tar.gz
